2026-09-01 00:00:00 INFO User logged in
2026-09-02 01:07:13 WARN Slow response time
2026-09-03 02:14:26 ERROR Database connection failed
2026-09-01 03:21:39 INFO File uploaded successfully
2026-09-02 04:28:52 WARN Invalid input received
2026-09-03 05:35:05 ERROR Server timeout
2026-09-01 06:42:18 INFO Request completed successfully
2026-09-02 07:49:31 WARN Connection retry
2026-09-03 08:56:44 ERROR Database connection failed
2026-09-01 09:03:57 INFO User logged out
2026-09-02 10:10:10 WARN High memory usage detected
2026-09-03 11:17:23 ERROR Server timeout
2026-09-01 12:24:36 INFO Database connection established
2026-09-02 13:31:49 WARN Disk space is getting low
2026-09-03 14:38:02 ERROR Database connection failed
2026-09-01 15:45:15 INFO User logged in
2026-09-02 16:52:28 WARN Slow response time
2026-09-03 17:59:41 ERROR Server timeout
2026-09-01 18:06:54 INFO File uploaded successfully
2026-09-02 19:13:07 WARN Invalid input received
2026-09-03 20:20:20 ERROR Database connection failed
2026-09-01 21:27:33 INFO Request completed successfully
2026-09-02 22:34:46 WARN Connection retry
2026-09-03 23:41:59 ERROR Server timeout
2026-09-01 00:48:12 INFO User logged out
2026-09-02 01:55:25 WARN High memory usage detected
2026-09-03 02:02:38 ERROR Database connection failed
2026-09-01 03:09:51 INFO Database connection established
2026-09-02 04:16:04 WARN Disk space is getting low
2026-09-03 05:23:17 ERROR Server timeout
2026-09-01 06:30:30 INFO User logged in
2026-09-02 07:37:43 WARN Slow response time
2026-09-03 08:44:56 ERROR Database connection failed
2026-09-01 09:51:09 INFO File uploaded successfully
2026-09-02 10:58:22 WARN Invalid input received
2026-09-03 11:05:35 ERROR Server timeout
2026-09-01 12:12:48 INFO Request completed successfully
2026-09-02 13:19:01 WARN Connection retry
2026-09-03 14:26:14 ERROR Database connection failed
2026-09-01 15:33:27 INFO User logged out
2026-09-02 16:40:40 WARN High memory usage detected
2026-09-03 17:47:53 ERROR Server timeout
2026-09-01 18:54:06 INFO Database connection established
2026-09-02 19:01:19 WARN Disk space is getting low
2026-09-03 20:08:32 ERROR Database connection failed
2026-09-01 21:15:45 INFO User logged in
2026-09-02 22:22:58 WARN Slow response time
2026-09-03 23:29:11 ERROR Server timeout
2026-09-01 00:36:24 INFO File uploaded successfully
2026-09-02 01:43:37 WARN Invalid input received
2026-09-03 02:50:50 ERROR Database connection failed
2026-09-01 03:57:03 INFO Request completed successfully
2026-09-02 04:04:16 WARN Connection retry
2026-09-03 05:11:29 ERROR Server timeout
2026-09-01 06:18:42 INFO User logged out
2026-09-02 07:25:55 WARN High memory usage detected
2026-09-03 08:32:08 ERROR Database connection failed
2026-09-01 09:39:21 INFO Database connection established
2026-09-02 10:46:34 WARN Disk space is getting low
2026-09-03 11:53:47 ERROR Server timeout
2026-09-01 12:00:00 INFO User logged in
2026-09-02 13:07:13 WARN Slow response time
2026-09-03 14:14:26 ERROR Database connection failed
2026-09-01 15:21:39 INFO File uploaded successfully
2026-09-02 16:28:52 WARN Invalid input received
2026-09-03 17:35:05 ERROR Server timeout
2026-09-01 18:42:18 INFO Request completed successfully
2026-09-02 19:49:31 WARN Connection retry
2026-09-03 20:56:44 ERROR Database connection failed
2026-09-01 21:03:57 INFO User logged out
2026-09-02 22:10:10 WARN High memory usage detected
2026-09-03 23:17:23 ERROR Server timeout
2026-09-01 00:24:36 INFO Database connection established
2026-09-02 01:31:49 WARN Disk space is getting low
2026-09-03 02:38:02 ERROR Database connection failed
2026-09-01 03:45:15 INFO User logged in
2026-09-02 04:52:28 WARN Slow response time
2026-09-03 05:59:41 ERROR Server timeout
2026-09-01 06:06:54 INFO File uploaded successfully
2026-09-02 07:13:07 WARN Invalid input received
2026-09-03 08:20:20 ERROR Database connection failed
2026-09-01 09:27:33 INFO Request completed successfully
2026-09-02 10:34:46 WARN Connection retry
2026-09-03 11:41:59 ERROR Server timeout
2026-09-01 12:48:12 INFO User logged out
2026-09-02 13:55:25 WARN High memory usage detected
2026-09-03 14:02:38 ERROR Database connection failed
2026-09-01 15:09:51 INFO Database connection established
2026-09-02 16:16:04 WARN Disk space is getting low
2026-09-03 17:23:17 ERROR Server timeout
2026-09-01 18:30:30 INFO User logged in
2026-09-02 19:37:43 WARN Slow response time
2026-09-03 20:44:56 ERROR Database connection failed
2026-09-01 21:51:09 INFO File uploaded successfully
2026-09-02 22:58:22 WARN Invalid input received
2026-09-03 23:05:35 ERROR Server timeout
2026-09-01 00:12:48 INFO Request completed successfully
2026-09-02 01:19:01 WARN Connection retry
2026-09-03 02:26:14 ERROR Database connection failed
2026-09-01 03:33:27 INFO User logged out
2026-09-02 04:40:40 WARN High memory usage detected
2026-09-03 05:47:53 ERROR Server timeout
2026-09-01 06:54:06 INFO Database connection established
2026-09-02 07:01:19 WARN Disk space is getting low
2026-09-03 08:08:32 ERROR Database connection failed
2026-09-01 09:15:45 INFO User logged in
2026-09-02 10:22:58 WARN Slow response time
2026-09-03 11:29:11 ERROR Server timeout
2026-09-01 12:36:24 INFO File uploaded successfully
2026-09-02 13:43:37 WARN Invalid input received
2026-09-03 14:50:50 ERROR Database connection failed
2026-09-01 15:57:03 INFO Request completed successfully
2026-09-02 16:04:16 WARN Connection retry
2026-09-03 17:11:29 ERROR Server timeout
2026-09-01 18:18:42 INFO User logged out
2026-09-02 19:25:55 WARN High memory usage detected
2026-09-03 20:32:08 ERROR Database connection failed
2026-09-01 21:39:21 INFO Database connection established
2026-09-02 22:46:34 WARN Disk space is getting low
2026-09-03 23:53:47 ERROR Server timeout
2026-09-01 00:00:00 INFO User logged in
2026-09-02 01:07:13 WARN Slow response time
2026-09-03 02:14:26 ERROR Database connection failed
2026-09-01 03:21:39 INFO File uploaded successfully
2026-09-02 04:28:52 WARN Invalid input received
2026-09-03 05:35:05 ERROR Server timeout
2026-09-01 06:42:18 INFO Request completed successfully
2026-09-02 07:49:31 WARN Connection retry
2026-09-03 08:56:44 ERROR Database connection failed
2026-09-01 09:03:57 INFO User logged out
2026-09-02 10:10:10 WARN High memory usage detected
2026-09-03 11:17:23 ERROR Server timeout
2026-09-01 12:24:36 INFO Database connection established
2026-09-02 13:31:49 WARN Disk space is getting low
2026-09-03 14:38:02 ERROR Database connection failed
2026-09-01 15:45:15 INFO User logged in
2026-09-02 16:52:28 WARN Slow response time
2026-09-03 17:59:41 ERROR Server timeout
2026-09-01 18:06:54 INFO File uploaded successfully
2026-09-02 19:13:07 WARN Invalid input received
2026-09-03 20:20:20 ERROR Database connection failed
2026-09-01 21:27:33 INFO Request completed successfully
2026-09-02 22:34:46 WARN Connection retry
2026-09-03 23:41:59 ERROR Server timeout
2026-09-01 00:48:12 INFO User logged out
2026-09-02 01:55:25 WARN High memory usage detected
2026-09-03 02:02:38 ERROR Database connection failed
2026-09-01 03:09:51 INFO Database connection established
2026-09-02 04:16:04 WARN Disk space is getting low
2026-09-03 05:23:17 ERROR Server timeout
2026-09-01 06:30:30 INFO User logged in
2026-09-02 07:37:43 WARN Slow response time
2026-09-03 08:44:56 ERROR Database connection failed
2026-09-01 09:51:09 INFO File uploaded successfully
2026-09-02 10:58:22 WARN Invalid input received
2026-09-03 11:05:35 ERROR Server timeout
2026-09-01 12:12:48 INFO Request completed successfully
2026-09-02 13:19:01 WARN Connection retry
2026-09-03 14:26:14 ERROR Database connection failed
2026-09-01 15:33:27 INFO User logged out
2026-09-02 16:40:40 WARN High memory usage detected
2026-09-03 17:47:53 ERROR Server timeout
2026-09-01 18:54:06 INFO Database connection established
2026-09-02 19:01:19 WARN Disk space is getting low
2026-09-03 20:08:32 ERROR Database connection failed
2026-09-01 21:15:45 INFO User logged in
2026-09-02 22:22:58 WARN Slow response time
2026-09-03 23:29:11 ERROR Server timeout
2026-09-01 00:36:24 INFO File uploaded successfully
2026-09-02 01:43:37 WARN Invalid input received
2026-09-03 02:50:50 ERROR Database connection failed
2026-09-01 03:57:03 INFO Request completed successfully
2026-09-02 04:04:16 WARN Connection retry
2026-09-03 05:11:29 ERROR Server timeout
2026-09-01 06:18:42 INFO User logged out
2026-09-02 07:25:55 WARN High memory usage detected
2026-09-03 08:32:08 ERROR Database connection failed
2026-09-01 09:39:21 INFO Database connection established
2026-09-02 10:46:34 WARN Disk space is getting low
2026-09-03 11:53:47 ERROR Server timeout
2026-09-01 12:00:00 INFO User logged in
2026-09-02 13:07:13 WARN Slow response time
2026-09-03 14:14:26 ERROR Database connection failed
2026-09-01 15:21:39 INFO File uploaded successfully
2026-09-02 16:28:52 WARN Invalid input received
2026-09-03 17:35:05 ERROR Server timeout
2026-09-01 18:42:18 INFO Request completed successfully
2026-09-02 19:49:31 WARN Connection retry
2026-09-03 20:56:44 ERROR Database connection failed
2026-09-01 21:03:57 INFO User logged out
2026-09-02 22:10:10 WARN High memory usage detected
2026-09-03 23:17:23 ERROR Server timeout
2026-09-01 00:24:36 INFO Database connection established
2026-09-02 01:31:49 WARN Disk space is getting low
2026-09-03 02:38:02 ERROR Database connection failed
2026-09-01 03:45:15 INFO User logged in
2026-09-02 04:52:28 WARN Slow response time
2026-09-03 05:59:41 ERROR Server timeout
2026-09-01 06:06:54 INFO File uploaded successfully
2026-09-02 07:13:07 WARN Invalid input received
2026-09-03 08:20:20 ERROR Database connection failed
2026-09-01 09:27:33 INFO Request completed successfully
2026-09-02 10:34:46 WARN Connection retry
2026-09-03 11:41:59 ERROR Server timeout
2026-09-01 12:48:12 INFO User logged out
2026-09-02 13:55:25 WARN High memory usage detected
2026-09-03 14:02:38 ERROR Database connection failed
2026-09-01 15:09:51 INFO Database connection established
2026-09-02 16:16:04 WARN Disk space is getting low
2026-09-03 17:23:17 ERROR Server timeout
2026-09-01 18:30:30 INFO User logged in
2026-09-02 19:37:43 WARN Slow response time
2026-09-03 20:44:56 ERROR Database connection failed
2026-09-01 21:51:09 INFO File uploaded successfully
2026-09-02 22:58:22 WARN Invalid input received
2026-09-03 23:05:35 ERROR Server timeout
2026-09-01 00:12:48 INFO Request completed successfully
2026-09-02 01:19:01 WARN Connection retry
2026-09-03 02:26:14 ERROR Database connection failed
2026-09-01 03:33:27 INFO User logged out
2026-09-02 04:40:40 WARN High memory usage detected
2026-09-03 05:47:53 ERROR Server timeout
2026-09-01 06:54:06 INFO Database connection established
2026-09-02 07:01:19 WARN Disk space is getting low
2026-09-03 08:08:32 ERROR Database connection failed
2026-09-01 09:15:45 INFO User logged in
2026-09-02 10:22:58 WARN Slow response time
2026-09-03 11:29:11 ERROR Server timeout
2026-09-01 12:36:24 INFO File uploaded successfully
2026-09-02 13:43:37 WARN Invalid input received
2026-09-03 14:50:50 ERROR Database connection failed
2026-09-01 15:57:03 INFO Request completed successfully
2026-09-02 16:04:16 WARN Connection retry
2026-09-03 17:11:29 ERROR Server timeout
2026-09-01 18:18:42 INFO User logged out
2026-09-02 19:25:55 WARN High memory usage detected
2026-09-03 20:32:08 ERROR Database connection failed
2026-09-01 21:39:21 INFO Database connection established
2026-09-02 22:46:34 WARN Disk space is getting low
2026-09-03 23:53:47 ERROR Server timeout
2026-09-01 00:00:00 INFO User logged in
2026-09-02 01:07:13 WARN Slow response time
2026-09-03 02:14:26 ERROR Database connection failed
2026-09-01 03:21:39 INFO File uploaded successfully
2026-09-02 04:28:52 WARN Invalid input received
2026-09-03 05:35:05 ERROR Server timeout
2026-09-01 06:42:18 INFO Request completed successfully
2026-09-02 07:49:31 WARN Connection retry
2026-09-03 08:56:44 ERROR Database connection failed
2026-09-01 09:03:57 INFO User logged out
